// Jest Snapshot v1, https://goo.gl/fbAQLP

exports[`Probar clase Citas Actualizar Cita 1`] = `
Citas {
  "citas": [
    {
      "fecha": "11-10-2023",
      "hora": "15:10",
      "id": 1699652123783,
      "mascota": "Morris",
      "propietario": "Memo",
      "sintomas": "Esta muy guapo",
      "telefono": "1111112222",
    },
  ],
}
`;

exports[`Probar clase Citas Eliminar Cita 1`] = `
Citas {
  "citas": [
    {
      "fecha": "11-10-2023",
      "hora": "15:10",
      "id": 1699652123783,
      "mascota": "Morris",
      "propietario": "Memo",
      "sintomas": "Esta muy guapo",
      "telefono": "1111112222",
    },
  ],
}
`;

exports[`Probar clase Citas agregar nueva cita 1`] = `
Citas {
  "citas": [
    {
      "fecha": "11-10-2023",
      "hora": "15:10",
      "id": 1699652123783,
      "mascota": "Morris",
      "propietario": "Memo",
      "sintomas": "Esta muy guapo",
      "telefono": "1111112222",
    },
  ],
}
`;
